
         /\      Grafana   /‾‾/  
    /\  /  \     |\  __   /  /   
   /  \/    \    | |/ /  /   ‾‾\ 
  /          \   |   (  |  (‾)  |
 / __________ \  |_|\_\  \_____/ 

     execution: local
        script: /Users/owner/high-traffic-performance-tuning/test/load/ranking-test-scale.js
        output: -

     scenarios: (100.00%) 1 scenario, 8 max VUs, 7m30s max duration (incl. graceful stop):
              * default: 8 looping VUs for 7m0s (gracefulStop: 30s)


running (0m01.0s), 8/8 VUs, 0 complete and 0 interrupted iterations
default   [   0% ] 8 VUs  0m01.0s/7m0s

running (0m02.0s), 8/8 VUs, 0 complete and 0 interrupted iterations
default   [   0% ] 8 VUs  0m02.0s/7m0s

running (0m03.0s), 8/8 VUs, 0 complete and 0 interrupted iterations
default   [   1% ] 8 VUs  0m03.0s/7m0s

running (0m04.0s), 8/8 VUs, 0 complete and 0 interrupted iterations
default   [   1% ] 8 VUs  0m04.0s/7m0s

running (0m05.0s), 8/8 VUs, 0 complete and 0 interrupted iterations
default   [   1% ] 8 VUs  0m05.0s/7m0s

running (0m06.0s), 8/8 VUs, 0 complete and 0 interrupted iterations
default   [   1% ] 8 VUs  0m06.0s/7m0s

running (0m07.0s), 8/8 VUs, 0 complete and 0 interrupted iterations
default   [   2% ] 8 VUs  0m07.0s/7m0s

running (0m08.0s), 8/8 VUs, 0 complete and 0 interrupted iterations
default   [   2% ] 8 VUs  0m08.0s/7m0s

running (0m09.0s), 8/8 VUs, 0 complete and 0 interrupted iterations
default   [   2% ] 8 VUs  0m09.0s/7m0s

running (0m10.0s), 8/8 VUs, 0 complete and 0 interrupted iterations
default   [   2% ] 8 VUs  0m10.0s/7m0s

running (0m11.0s), 8/8 VUs, 0 complete and 0 interrupted iterations
default   [   3% ] 8 VUs  0m11.0s/7m0s

running (0m12.0s), 8/8 VUs, 0 complete and 0 interrupted iterations
default   [   3% ] 8 VUs  0m12.0s/7m0s

running (0m13.0s), 8/8 VUs, 0 complete and 0 interrupted iterations
default   [   3% ] 8 VUs  0m13.0s/7m0s

running (0m14.0s), 8/8 VUs, 0 complete and 0 interrupted iterations
default   [   3% ] 8 VUs  0m14.0s/7m0s

running (0m15.0s), 8/8 VUs, 0 complete and 0 interrupted iterations
default   [   4% ] 8 VUs  0m15.0s/7m0s

running (0m16.0s), 8/8 VUs, 0 complete and 0 interrupted iterations
default   [   4% ] 8 VUs  0m16.0s/7m0s

running (0m17.0s), 8/8 VUs, 0 complete and 0 interrupted iterations
default   [   4% ] 8 VUs  0m17.0s/7m0s

running (0m18.0s), 8/8 VUs, 0 complete and 0 interrupted iterations
default   [   4% ] 8 VUs  0m18.0s/7m0s

running (0m19.0s), 8/8 VUs, 0 complete and 0 interrupted iterations
default   [   5% ] 8 VUs  0m19.0s/7m0s

running (0m20.0s), 8/8 VUs, 0 complete and 0 interrupted iterations
default   [   5% ] 8 VUs  0m20.0s/7m0s

running (0m21.0s), 8/8 VUs, 0 complete and 0 interrupted iterations
default   [   5% ] 8 VUs  0m21.0s/7m0s

running (0m22.0s), 8/8 VUs, 0 complete and 0 interrupted iterations
default   [   5% ] 8 VUs  0m22.0s/7m0s

running (0m23.0s), 8/8 VUs, 0 complete and 0 interrupted iterations
default   [   5% ] 8 VUs  0m23.0s/7m0s

running (0m24.0s), 8/8 VUs, 0 complete and 0 interrupted iterations
default   [   6% ] 8 VUs  0m24.0s/7m0s

running (0m25.0s), 8/8 VUs, 0 complete and 0 interrupted iterations
default   [   6% ] 8 VUs  0m25.0s/7m0s

running (0m26.0s), 8/8 VUs, 1 complete and 0 interrupted iterations
default   [   6% ] 8 VUs  0m26.0s/7m0s

running (0m27.0s), 8/8 VUs, 3 complete and 0 interrupted iterations
default   [   6% ] 8 VUs  0m27.0s/7m0s

running (0m28.0s), 8/8 VUs, 3 complete and 0 interrupted iterations
default   [   7% ] 8 VUs  0m28.0s/7m0s

running (0m29.0s), 8/8 VUs, 3 complete and 0 interrupted iterations
default   [   7% ] 8 VUs  0m29.0s/7m0s

running (0m30.0s), 8/8 VUs, 4 complete and 0 interrupted iterations
default   [   7% ] 8 VUs  0m30.0s/7m0s

running (0m31.0s), 8/8 VUs, 5 complete and 0 interrupted iterations
default   [   7% ] 8 VUs  0m31.0s/7m0s

running (0m32.0s), 8/8 VUs, 7 complete and 0 interrupted iterations
default   [   8% ] 8 VUs  0m32.0s/7m0s

running (0m33.0s), 8/8 VUs, 8 complete and 0 interrupted iterations
default   [   8% ] 8 VUs  0m33.0s/7m0s

running (0m34.0s), 8/8 VUs, 8 complete and 0 interrupted iterations
default   [   8% ] 8 VUs  0m34.0s/7m0s

running (0m35.0s), 8/8 VUs, 8 complete and 0 interrupted iterations
default   [   8% ] 8 VUs  0m35.0s/7m0s

running (0m36.0s), 8/8 VUs, 8 complete and 0 interrupted iterations
default   [   9% ] 8 VUs  0m36.0s/7m0s

running (0m37.0s), 8/8 VUs, 8 complete and 0 interrupted iterations
default   [   9% ] 8 VUs  0m37.0s/7m0s

running (0m38.0s), 8/8 VUs, 8 complete and 0 interrupted iterations
default   [   9% ] 8 VUs  0m38.0s/7m0s

running (0m39.0s), 8/8 VUs, 8 complete and 0 interrupted iterations
default   [   9% ] 8 VUs  0m39.0s/7m0s

running (0m40.0s), 8/8 VUs, 8 complete and 0 interrupted iterations
default   [  10% ] 8 VUs  0m40.0s/7m0s

running (0m41.0s), 8/8 VUs, 8 complete and 0 interrupted iterations
default   [  10% ] 8 VUs  0m41.0s/7m0s

running (0m42.0s), 8/8 VUs, 8 complete and 0 interrupted iterations
default   [  10% ] 8 VUs  0m42.0s/7m0s

running (0m43.0s), 8/8 VUs, 8 complete and 0 interrupted iterations
default   [  10% ] 8 VUs  0m43.0s/7m0s

running (0m44.0s), 8/8 VUs, 8 complete and 0 interrupted iterations
default   [  10% ] 8 VUs  0m44.0s/7m0s

running (0m45.0s), 8/8 VUs, 8 complete and 0 interrupted iterations
default   [  11% ] 8 VUs  0m45.0s/7m0s

running (0m46.0s), 8/8 VUs, 8 complete and 0 interrupted iterations
default   [  11% ] 8 VUs  0m46.0s/7m0s

running (0m47.0s), 8/8 VUs, 9 complete and 0 interrupted iterations
default   [  11% ] 8 VUs  0m47.0s/7m0s

running (0m48.0s), 8/8 VUs, 10 complete and 0 interrupted iterations
default   [  11% ] 8 VUs  0m48.0s/7m0s

running (0m49.0s), 8/8 VUs, 10 complete and 0 interrupted iterations
default   [  12% ] 8 VUs  0m49.0s/7m0s

running (0m50.0s), 8/8 VUs, 11 complete and 0 interrupted iterations
default   [  12% ] 8 VUs  0m50.0s/7m0s

running (0m51.0s), 8/8 VUs, 13 complete and 0 interrupted iterations
default   [  12% ] 8 VUs  0m51.0s/7m0s

running (0m52.0s), 8/8 VUs, 14 complete and 0 interrupted iterations
default   [  12% ] 8 VUs  0m52.0s/7m0s

running (0m53.0s), 8/8 VUs, 14 complete and 0 interrupted iterations
default   [  13% ] 8 VUs  0m53.0s/7m0s

running (0m54.0s), 8/8 VUs, 14 complete and 0 interrupted iterations
default   [  13% ] 8 VUs  0m54.0s/7m0s

running (0m55.0s), 8/8 VUs, 14 complete and 0 interrupted iterations
default   [  13% ] 8 VUs  0m55.0s/7m0s

running (0m56.0s), 8/8 VUs, 14 complete and 0 interrupted iterations
default   [  13% ] 8 VUs  0m56.0s/7m0s

running (0m57.0s), 8/8 VUs, 14 complete and 0 interrupted iterations
default   [  14% ] 8 VUs  0m57.0s/7m0s

running (0m58.0s), 8/8 VUs, 15 complete and 0 interrupted iterations
default   [  14% ] 8 VUs  0m58.0s/7m0s

running (0m59.0s), 8/8 VUs, 15 complete and 0 interrupted iterations
default   [  14% ] 8 VUs  0m59.0s/7m0s

running (1m00.0s), 8/8 VUs, 15 complete and 0 interrupted iterations
default   [  14% ] 8 VUs  1m00.0s/7m0s

running (1m01.0s), 8/8 VUs, 15 complete and 0 interrupted iterations
default   [  15% ] 8 VUs  1m01.0s/7m0s

running (1m02.0s), 8/8 VUs, 16 complete and 0 interrupted iterations
default   [  15% ] 8 VUs  1m02.0s/7m0s

running (1m03.0s), 8/8 VUs, 16 complete and 0 interrupted iterations
default   [  15% ] 8 VUs  1m03.0s/7m0s

running (1m04.0s), 8/8 VUs, 16 complete and 0 interrupted iterations
default   [  15% ] 8 VUs  1m04.0s/7m0s

running (1m05.0s), 8/8 VUs, 16 complete and 0 interrupted iterations
default   [  15% ] 8 VUs  1m05.0s/7m0s

running (1m06.0s), 8/8 VUs, 16 complete and 0 interrupted iterations
default   [  16% ] 8 VUs  1m06.0s/7m0s

running (1m07.0s), 8/8 VUs, 16 complete and 0 interrupted iterations
default   [  16% ] 8 VUs  1m07.0s/7m0s

running (1m08.0s), 8/8 VUs, 16 complete and 0 interrupted iterations
default   [  16% ] 8 VUs  1m08.0s/7m0s

running (1m09.0s), 8/8 VUs, 16 complete and 0 interrupted iterations
default   [  16% ] 8 VUs  1m09.0s/7m0s

running (1m10.0s), 8/8 VUs, 17 complete and 0 interrupted iterations
default   [  17% ] 8 VUs  1m10.0s/7m0s

running (1m11.0s), 8/8 VUs, 18 complete and 0 interrupted iterations
default   [  17% ] 8 VUs  1m11.0s/7m0s

running (1m12.0s), 8/8 VUs, 18 complete and 0 interrupted iterations
default   [  17% ] 8 VUs  1m12.0s/7m0s

running (1m13.0s), 8/8 VUs, 18 complete and 0 interrupted iterations
default   [  17% ] 8 VUs  1m13.0s/7m0s

running (1m14.0s), 8/8 VUs, 20 complete and 0 interrupted iterations
default   [  18% ] 8 VUs  1m14.0s/7m0s

running (1m15.0s), 8/8 VUs, 20 complete and 0 interrupted iterations
default   [  18% ] 8 VUs  1m15.0s/7m0s

running (1m16.0s), 8/8 VUs, 22 complete and 0 interrupted iterations
default   [  18% ] 8 VUs  1m16.0s/7m0s

running (1m17.0s), 8/8 VUs, 22 complete and 0 interrupted iterations
default   [  18% ] 8 VUs  1m17.0s/7m0s

running (1m18.0s), 8/8 VUs, 23 complete and 0 interrupted iterations
default   [  19% ] 8 VUs  1m18.0s/7m0s

running (1m19.0s), 8/8 VUs, 23 complete and 0 interrupted iterations
default   [  19% ] 8 VUs  1m19.0s/7m0s

running (1m20.0s), 8/8 VUs, 24 complete and 0 interrupted iterations
default   [  19% ] 8 VUs  1m20.0s/7m0s

running (1m21.0s), 8/8 VUs, 24 complete and 0 interrupted iterations
default   [  19% ] 8 VUs  1m21.0s/7m0s

running (1m22.0s), 8/8 VUs, 24 complete and 0 interrupted iterations
default   [  20% ] 8 VUs  1m22.0s/7m0s

running (1m23.0s), 8/8 VUs, 24 complete and 0 interrupted iterations
default   [  20% ] 8 VUs  1m23.0s/7m0s

running (1m24.0s), 8/8 VUs, 24 complete and 0 interrupted iterations
default   [  20% ] 8 VUs  1m24.0s/7m0s

running (1m25.0s), 8/8 VUs, 24 complete and 0 interrupted iterations
default   [  20% ] 8 VUs  1m25.0s/7m0s

running (1m26.0s), 8/8 VUs, 24 complete and 0 interrupted iterations
default   [  20% ] 8 VUs  1m26.0s/7m0s

running (1m27.0s), 8/8 VUs, 24 complete and 0 interrupted iterations
default   [  21% ] 8 VUs  1m27.0s/7m0s

running (1m28.0s), 8/8 VUs, 24 complete and 0 interrupted iterations
default   [  21% ] 8 VUs  1m28.0s/7m0s

running (1m29.0s), 8/8 VUs, 24 complete and 0 interrupted iterations
default   [  21% ] 8 VUs  1m29.0s/7m0s

running (1m30.0s), 8/8 VUs, 24 complete and 0 interrupted iterations
default   [  21% ] 8 VUs  1m30.0s/7m0s

running (1m31.0s), 8/8 VUs, 24 complete and 0 interrupted iterations
default   [  22% ] 8 VUs  1m31.0s/7m0s

running (1m32.0s), 8/8 VUs, 24 complete and 0 interrupted iterations
default   [  22% ] 8 VUs  1m32.0s/7m0s

running (1m33.0s), 8/8 VUs, 24 complete and 0 interrupted iterations
default   [  22% ] 8 VUs  1m33.0s/7m0s

running (1m34.0s), 8/8 VUs, 24 complete and 0 interrupted iterations
default   [  22% ] 8 VUs  1m34.0s/7m0s

running (1m35.0s), 8/8 VUs, 25 complete and 0 interrupted iterations
default   [  23% ] 8 VUs  1m35.0s/7m0s

running (1m36.0s), 8/8 VUs, 25 complete and 0 interrupted iterations
default   [  23% ] 8 VUs  1m36.0s/7m0s

running (1m37.0s), 8/8 VUs, 25 complete and 0 interrupted iterations
default   [  23% ] 8 VUs  1m37.0s/7m0s

running (1m38.0s), 8/8 VUs, 27 complete and 0 interrupted iterations
default   [  23% ] 8 VUs  1m38.0s/7m0s

running (1m39.0s), 8/8 VUs, 27 complete and 0 interrupted iterations
default   [  24% ] 8 VUs  1m39.0s/7m0s

running (1m40.0s), 8/8 VUs, 27 complete and 0 interrupted iterations
default   [  24% ] 8 VUs  1m40.0s/7m0s

running (1m41.0s), 8/8 VUs, 27 complete and 0 interrupted iterations
default   [  24% ] 8 VUs  1m41.0s/7m0s

running (1m42.0s), 8/8 VUs, 28 complete and 0 interrupted iterations
default   [  24% ] 8 VUs  1m42.0s/7m0s

running (1m43.0s), 8/8 VUs, 28 complete and 0 interrupted iterations
default   [  25% ] 8 VUs  1m43.0s/7m0s

running (1m44.0s), 8/8 VUs, 29 complete and 0 interrupted iterations
default   [  25% ] 8 VUs  1m44.0s/7m0s

running (1m45.0s), 8/8 VUs, 29 complete and 0 interrupted iterations
default   [  25% ] 8 VUs  1m45.0s/7m0s

running (1m46.0s), 8/8 VUs, 29 complete and 0 interrupted iterations
default   [  25% ] 8 VUs  1m46.0s/7m0s

running (1m47.0s), 8/8 VUs, 29 complete and 0 interrupted iterations
default   [  25% ] 8 VUs  1m47.0s/7m0s

running (1m48.0s), 8/8 VUs, 31 complete and 0 interrupted iterations
default   [  26% ] 8 VUs  1m48.0s/7m0s

running (1m49.0s), 8/8 VUs, 32 complete and 0 interrupted iterations
default   [  26% ] 8 VUs  1m49.0s/7m0s

running (1m50.0s), 8/8 VUs, 32 complete and 0 interrupted iterations
default   [  26% ] 8 VUs  1m50.0s/7m0s

running (1m51.0s), 8/8 VUs, 32 complete and 0 interrupted iterations
default   [  26% ] 8 VUs  1m51.0s/7m0s

running (1m52.0s), 8/8 VUs, 32 complete and 0 interrupted iterations
default   [  27% ] 8 VUs  1m52.0s/7m0s

running (1m53.0s), 8/8 VUs, 32 complete and 0 interrupted iterations
default   [  27% ] 8 VUs  1m53.0s/7m0s

running (1m54.0s), 8/8 VUs, 32 complete and 0 interrupted iterations
default   [  27% ] 8 VUs  1m54.0s/7m0s

running (1m55.0s), 8/8 VUs, 32 complete and 0 interrupted iterations
default   [  27% ] 8 VUs  1m55.0s/7m0s

running (1m56.0s), 8/8 VUs, 32 complete and 0 interrupted iterations
default   [  28% ] 8 VUs  1m56.0s/7m0s

running (1m57.0s), 8/8 VUs, 32 complete and 0 interrupted iterations
default   [  28% ] 8 VUs  1m57.0s/7m0s

running (1m58.0s), 8/8 VUs, 32 complete and 0 interrupted iterations
default   [  28% ] 8 VUs  1m58.0s/7m0s

running (1m59.0s), 8/8 VUs, 32 complete and 0 interrupted iterations
default   [  28% ] 8 VUs  1m59.0s/7m0s

running (2m00.0s), 8/8 VUs, 32 complete and 0 interrupted iterations
default   [  29% ] 8 VUs  2m00.0s/7m0s

running (2m01.0s), 8/8 VUs, 32 complete and 0 interrupted iterations
default   [  29% ] 8 VUs  2m01.0s/7m0s

running (2m02.0s), 8/8 VUs, 32 complete and 0 interrupted iterations
default   [  29% ] 8 VUs  2m02.0s/7m0s

running (2m03.0s), 8/8 VUs, 32 complete and 0 interrupted iterations
default   [  29% ] 8 VUs  2m03.0s/7m0s

running (2m04.0s), 8/8 VUs, 32 complete and 0 interrupted iterations
default   [  30% ] 8 VUs  2m04.0s/7m0s

running (2m05.0s), 8/8 VUs, 32 complete and 0 interrupted iterations
default   [  30% ] 8 VUs  2m05.0s/7m0s

running (2m06.0s), 8/8 VUs, 32 complete and 0 interrupted iterations
default   [  30% ] 8 VUs  2m06.0s/7m0s

running (2m07.0s), 8/8 VUs, 33 complete and 0 interrupted iterations
default   [  30% ] 8 VUs  2m07.0s/7m0s

running (2m08.0s), 8/8 VUs, 33 complete and 0 interrupted iterations
default   [  30% ] 8 VUs  2m08.0s/7m0s

running (2m09.0s), 8/8 VUs, 35 complete and 0 interrupted iterations
default   [  31% ] 8 VUs  2m09.0s/7m0s

running (2m10.0s), 8/8 VUs, 38 complete and 0 interrupted iterations
default   [  31% ] 8 VUs  2m10.0s/7m0s

running (2m11.0s), 8/8 VUs, 38 complete and 0 interrupted iterations
default   [  31% ] 8 VUs  2m11.0s/7m0s

running (2m12.0s), 8/8 VUs, 38 complete and 0 interrupted iterations
default   [  31% ] 8 VUs  2m12.0s/7m0s

running (2m13.0s), 8/8 VUs, 39 complete and 0 interrupted iterations
default   [  32% ] 8 VUs  2m13.0s/7m0s

running (2m14.0s), 8/8 VUs, 39 complete and 0 interrupted iterations
default   [  32% ] 8 VUs  2m14.0s/7m0s

running (2m15.0s), 8/8 VUs, 39 complete and 0 interrupted iterations
default   [  32% ] 8 VUs  2m15.0s/7m0s

running (2m16.0s), 8/8 VUs, 40 complete and 0 interrupted iterations
default   [  32% ] 8 VUs  2m16.0s/7m0s

running (2m17.0s), 8/8 VUs, 40 complete and 0 interrupted iterations
default   [  33% ] 8 VUs  2m17.0s/7m0s

running (2m18.0s), 8/8 VUs, 40 complete and 0 interrupted iterations
default   [  33% ] 8 VUs  2m18.0s/7m0s

running (2m19.0s), 8/8 VUs, 40 complete and 0 interrupted iterations
default   [  33% ] 8 VUs  2m19.0s/7m0s

running (2m20.0s), 8/8 VUs, 40 complete and 0 interrupted iterations
default   [  33% ] 8 VUs  2m20.0s/7m0s

running (2m21.0s), 8/8 VUs, 40 complete and 0 interrupted iterations
default   [  34% ] 8 VUs  2m21.0s/7m0s

running (2m22.0s), 8/8 VUs, 40 complete and 0 interrupted iterations
default   [  34% ] 8 VUs  2m22.0s/7m0s

running (2m23.0s), 8/8 VUs, 40 complete and 0 interrupted iterations
default   [  34% ] 8 VUs  2m23.0s/7m0s

running (2m24.0s), 8/8 VUs, 40 complete and 0 interrupted iterations
default   [  34% ] 8 VUs  2m24.0s/7m0s

running (2m25.0s), 8/8 VUs, 40 complete and 0 interrupted iterations
default   [  35% ] 8 VUs  2m25.0s/7m0s

running (2m26.0s), 8/8 VUs, 40 complete and 0 interrupted iterations
default   [  35% ] 8 VUs  2m26.0s/7m0s

running (2m27.0s), 8/8 VUs, 40 complete and 0 interrupted iterations
default   [  35% ] 8 VUs  2m27.0s/7m0s

running (2m28.0s), 8/8 VUs, 40 complete and 0 interrupted iterations
default   [  35% ] 8 VUs  2m28.0s/7m0s

running (2m29.0s), 8/8 VUs, 40 complete and 0 interrupted iterations
default   [  35% ] 8 VUs  2m29.0s/7m0s

running (2m30.0s), 8/8 VUs, 40 complete and 0 interrupted iterations
default   [  36% ] 8 VUs  2m30.0s/7m0s

running (2m31.0s), 8/8 VUs, 40 complete and 0 interrupted iterations
default   [  36% ] 8 VUs  2m31.0s/7m0s

running (2m32.0s), 8/8 VUs, 42 complete and 0 interrupted iterations
default   [  36% ] 8 VUs  2m32.0s/7m0s

running (2m33.0s), 8/8 VUs, 42 complete and 0 interrupted iterations
default   [  36% ] 8 VUs  2m33.0s/7m0s

running (2m34.0s), 8/8 VUs, 42 complete and 0 interrupted iterations
default   [  37% ] 8 VUs  2m34.0s/7m0s

running (2m35.0s), 8/8 VUs, 42 complete and 0 interrupted iterations
default   [  37% ] 8 VUs  2m35.0s/7m0s

running (2m36.0s), 8/8 VUs, 42 complete and 0 interrupted iterations
default   [  37% ] 8 VUs  2m36.0s/7m0s

running (2m37.0s), 8/8 VUs, 42 complete and 0 interrupted iterations
default   [  37% ] 8 VUs  2m37.0s/7m0s

running (2m38.0s), 8/8 VUs, 42 complete and 0 interrupted iterations
default   [  38% ] 8 VUs  2m38.0s/7m0s

running (2m39.0s), 8/8 VUs, 42 complete and 0 interrupted iterations
default   [  38% ] 8 VUs  2m39.0s/7m0s

running (2m40.0s), 8/8 VUs, 42 complete and 0 interrupted iterations
default   [  38% ] 8 VUs  2m40.0s/7m0s

running (2m41.0s), 8/8 VUs, 42 complete and 0 interrupted iterations
default   [  38% ] 8 VUs  2m41.0s/7m0s

running (2m42.0s), 8/8 VUs, 42 complete and 0 interrupted iterations
default   [  39% ] 8 VUs  2m42.0s/7m0s

running (2m43.0s), 8/8 VUs, 42 complete and 0 interrupted iterations
default   [  39% ] 8 VUs  2m43.0s/7m0s

running (2m44.0s), 8/8 VUs, 42 complete and 0 interrupted iterations
default   [  39% ] 8 VUs  2m44.0s/7m0s

running (2m45.0s), 8/8 VUs, 42 complete and 0 interrupted iterations
default   [  39% ] 8 VUs  2m45.0s/7m0s

running (2m46.0s), 8/8 VUs, 43 complete and 0 interrupted iterations
default   [  40% ] 8 VUs  2m46.0s/7m0s

running (2m47.0s), 8/8 VUs, 44 complete and 0 interrupted iterations
default   [  40% ] 8 VUs  2m47.0s/7m0s

running (2m48.0s), 8/8 VUs, 47 complete and 0 interrupted iterations
default   [  40% ] 8 VUs  2m48.0s/7m0s

running (2m49.0s), 8/8 VUs, 48 complete and 0 interrupted iterations
default   [  40% ] 8 VUs  2m49.0s/7m0s

running (2m50.0s), 8/8 VUs, 50 complete and 0 interrupted iterations
default   [  40% ] 8 VUs  2m50.0s/7m0s

running (2m51.0s), 8/8 VUs, 50 complete and 0 interrupted iterations
default   [  41% ] 8 VUs  2m51.0s/7m0s

running (2m52.0s), 8/8 VUs, 50 complete and 0 interrupted iterations
default   [  41% ] 8 VUs  2m52.0s/7m0s

running (2m53.0s), 8/8 VUs, 50 complete and 0 interrupted iterations
default   [  41% ] 8 VUs  2m53.0s/7m0s

running (2m54.0s), 8/8 VUs, 50 complete and 0 interrupted iterations
default   [  41% ] 8 VUs  2m54.0s/7m0s

running (2m55.0s), 8/8 VUs, 50 complete and 0 interrupted iterations
default   [  42% ] 8 VUs  2m55.0s/7m0s

running (2m56.0s), 8/8 VUs, 50 complete and 0 interrupted iterations
default   [  42% ] 8 VUs  2m56.0s/7m0s

running (2m57.0s), 8/8 VUs, 50 complete and 0 interrupted iterations
default   [  42% ] 8 VUs  2m57.0s/7m0s

running (2m58.0s), 8/8 VUs, 50 complete and 0 interrupted iterations
default   [  42% ] 8 VUs  2m58.0s/7m0s

running (2m59.0s), 8/8 VUs, 50 complete and 0 interrupted iterations
default   [  43% ] 8 VUs  2m59.0s/7m0s

running (3m00.0s), 8/8 VUs, 50 complete and 0 interrupted iterations
default   [  43% ] 8 VUs  3m00.0s/7m0s

running (3m01.0s), 8/8 VUs, 50 complete and 0 interrupted iterations
default   [  43% ] 8 VUs  3m01.0s/7m0s

running (3m02.0s), 8/8 VUs, 50 complete and 0 interrupted iterations
default   [  43% ] 8 VUs  3m02.0s/7m0s

running (3m03.0s), 8/8 VUs, 50 complete and 0 interrupted iterations
default   [  44% ] 8 VUs  3m03.0s/7m0s

running (3m04.0s), 8/8 VUs, 50 complete and 0 interrupted iterations
default   [  44% ] 8 VUs  3m04.0s/7m0s

running (3m05.0s), 8/8 VUs, 50 complete and 0 interrupted iterations
default   [  44% ] 8 VUs  3m05.0s/7m0s

running (3m06.0s), 8/8 VUs, 50 complete and 0 interrupted iterations
default   [  44% ] 8 VUs  3m06.0s/7m0s

running (3m07.0s), 8/8 VUs, 51 complete and 0 interrupted iterations
default   [  45% ] 8 VUs  3m07.0s/7m0s

running (3m08.0s), 8/8 VUs, 51 complete and 0 interrupted iterations
default   [  45% ] 8 VUs  3m08.0s/7m0s

running (3m09.0s), 8/8 VUs, 52 complete and 0 interrupted iterations
default   [  45% ] 8 VUs  3m09.0s/7m0s

running (3m10.0s), 8/8 VUs, 52 complete and 0 interrupted iterations
default   [  45% ] 8 VUs  3m10.0s/7m0s

running (3m11.0s), 8/8 VUs, 52 complete and 0 interrupted iterations
default   [  45% ] 8 VUs  3m11.0s/7m0s

running (3m12.0s), 8/8 VUs, 52 complete and 0 interrupted iterations
default   [  46% ] 8 VUs  3m12.0s/7m0s

running (3m13.0s), 8/8 VUs, 52 complete and 0 interrupted iterations
default   [  46% ] 8 VUs  3m13.0s/7m0s

running (3m14.0s), 8/8 VUs, 52 complete and 0 interrupted iterations
default   [  46% ] 8 VUs  3m14.0s/7m0s

running (3m15.0s), 8/8 VUs, 52 complete and 0 interrupted iterations
default   [  46% ] 8 VUs  3m15.0s/7m0s

running (3m16.0s), 8/8 VUs, 52 complete and 0 interrupted iterations
default   [  47% ] 8 VUs  3m16.0s/7m0s

running (3m17.0s), 8/8 VUs, 52 complete and 0 interrupted iterations
default   [  47% ] 8 VUs  3m17.0s/7m0s

running (3m18.0s), 8/8 VUs, 52 complete and 0 interrupted iterations
default   [  47% ] 8 VUs  3m18.0s/7m0s

running (3m19.0s), 8/8 VUs, 52 complete and 0 interrupted iterations
default   [  47% ] 8 VUs  3m19.0s/7m0s

running (3m20.0s), 8/8 VUs, 52 complete and 0 interrupted iterations
default   [  48% ] 8 VUs  3m20.0s/7m0s

running (3m21.0s), 8/8 VUs, 52 complete and 0 interrupted iterations
default   [  48% ] 8 VUs  3m21.0s/7m0s

running (3m22.0s), 8/8 VUs, 53 complete and 0 interrupted iterations
default   [  48% ] 8 VUs  3m22.0s/7m0s

running (3m23.0s), 8/8 VUs, 55 complete and 0 interrupted iterations
default   [  48% ] 8 VUs  3m23.0s/7m0s

running (3m24.0s), 8/8 VUs, 55 complete and 0 interrupted iterations
default   [  49% ] 8 VUs  3m24.0s/7m0s

running (3m25.0s), 8/8 VUs, 55 complete and 0 interrupted iterations
default   [  49% ] 8 VUs  3m25.0s/7m0s

running (3m26.0s), 8/8 VUs, 55 complete and 0 interrupted iterations
default   [  49% ] 8 VUs  3m26.0s/7m0s

running (3m27.0s), 8/8 VUs, 58 complete and 0 interrupted iterations
default   [  49% ] 8 VUs  3m27.0s/7m0s

running (3m28.0s), 8/8 VUs, 59 complete and 0 interrupted iterations
default   [  50% ] 8 VUs  3m28.0s/7m0s

running (3m29.0s), 8/8 VUs, 60 complete and 0 interrupted iterations
default   [  50% ] 8 VUs  3m29.0s/7m0s

running (3m30.0s), 8/8 VUs, 60 complete and 0 interrupted iterations
default   [  50% ] 8 VUs  3m30.0s/7m0s

running (3m31.0s), 8/8 VUs, 60 complete and 0 interrupted iterations
default   [  50% ] 8 VUs  3m31.0s/7m0s

running (3m32.0s), 8/8 VUs, 60 complete and 0 interrupted iterations
default   [  50% ] 8 VUs  3m32.0s/7m0s

running (3m33.0s), 8/8 VUs, 60 complete and 0 interrupted iterations
default   [  51% ] 8 VUs  3m33.0s/7m0s

running (3m34.0s), 8/8 VUs, 60 complete and 0 interrupted iterations
default   [  51% ] 8 VUs  3m34.0s/7m0s

running (3m35.0s), 8/8 VUs, 60 complete and 0 interrupted iterations
default   [  51% ] 8 VUs  3m35.0s/7m0s

running (3m36.0s), 8/8 VUs, 60 complete and 0 interrupted iterations
default   [  51% ] 8 VUs  3m36.0s/7m0s

running (3m37.0s), 8/8 VUs, 60 complete and 0 interrupted iterations
default   [  52% ] 8 VUs  3m37.0s/7m0s

running (3m38.0s), 8/8 VUs, 60 complete and 0 interrupted iterations
default   [  52% ] 8 VUs  3m38.0s/7m0s

running (3m39.0s), 8/8 VUs, 60 complete and 0 interrupted iterations
default   [  52% ] 8 VUs  3m39.0s/7m0s

running (3m40.0s), 8/8 VUs, 60 complete and 0 interrupted iterations
default   [  52% ] 8 VUs  3m40.0s/7m0s

running (3m41.0s), 8/8 VUs, 60 complete and 0 interrupted iterations
default   [  53% ] 8 VUs  3m41.0s/7m0s

running (3m42.0s), 8/8 VUs, 60 complete and 0 interrupted iterations
default   [  53% ] 8 VUs  3m42.0s/7m0s

running (3m43.0s), 8/8 VUs, 60 complete and 0 interrupted iterations
default   [  53% ] 8 VUs  3m43.0s/7m0s

running (3m44.0s), 8/8 VUs, 60 complete and 0 interrupted iterations
default   [  53% ] 8 VUs  3m44.0s/7m0s

running (3m45.0s), 8/8 VUs, 60 complete and 0 interrupted iterations
default   [  54% ] 8 VUs  3m45.0s/7m0s

running (3m46.0s), 8/8 VUs, 61 complete and 0 interrupted iterations
default   [  54% ] 8 VUs  3m46.0s/7m0s

running (3m47.0s), 8/8 VUs, 61 complete and 0 interrupted iterations
default   [  54% ] 8 VUs  3m47.0s/7m0s

running (3m48.0s), 8/8 VUs, 62 complete and 0 interrupted iterations
default   [  54% ] 8 VUs  3m48.0s/7m0s

running (3m49.0s), 8/8 VUs, 62 complete and 0 interrupted iterations
default   [  55% ] 8 VUs  3m49.0s/7m0s

running (3m50.0s), 8/8 VUs, 62 complete and 0 interrupted iterations
default   [  55% ] 8 VUs  3m50.0s/7m0s

running (3m51.0s), 8/8 VUs, 62 complete and 0 interrupted iterations
default   [  55% ] 8 VUs  3m51.0s/7m0s

running (3m52.0s), 8/8 VUs, 62 complete and 0 interrupted iterations
default   [  55% ] 8 VUs  3m52.0s/7m0s

running (3m53.0s), 8/8 VUs, 63 complete and 0 interrupted iterations
default   [  55% ] 8 VUs  3m53.0s/7m0s

running (3m54.0s), 8/8 VUs, 63 complete and 0 interrupted iterations
default   [  56% ] 8 VUs  3m54.0s/7m0s

running (3m55.0s), 8/8 VUs, 64 complete and 0 interrupted iterations
default   [  56% ] 8 VUs  3m55.0s/7m0s

running (3m56.0s), 8/8 VUs, 65 complete and 0 interrupted iterations
default   [  56% ] 8 VUs  3m56.0s/7m0s

running (3m57.0s), 8/8 VUs, 66 complete and 0 interrupted iterations
default   [  56% ] 8 VUs  3m57.0s/7m0s

running (3m58.0s), 8/8 VUs, 66 complete and 0 interrupted iterations
default   [  57% ] 8 VUs  3m58.0s/7m0s

running (3m59.0s), 8/8 VUs, 66 complete and 0 interrupted iterations
default   [  57% ] 8 VUs  3m59.0s/7m0s

running (4m00.0s), 8/8 VUs, 66 complete and 0 interrupted iterations
default   [  57% ] 8 VUs  4m00.0s/7m0s

running (4m01.0s), 8/8 VUs, 66 complete and 0 interrupted iterations
default   [  57% ] 8 VUs  4m01.0s/7m0s

running (4m02.0s), 8/8 VUs, 66 complete and 0 interrupted iterations
default   [  58% ] 8 VUs  4m02.0s/7m0s

running (4m03.0s), 8/8 VUs, 66 complete and 0 interrupted iterations
default   [  58% ] 8 VUs  4m03.0s/7m0s

running (4m04.0s), 8/8 VUs, 66 complete and 0 interrupted iterations
default   [  58% ] 8 VUs  4m04.0s/7m0s

running (4m05.0s), 8/8 VUs, 66 complete and 0 interrupted iterations
default   [  58% ] 8 VUs  4m05.0s/7m0s

running (4m06.0s), 8/8 VUs, 66 complete and 0 interrupted iterations
default   [  59% ] 8 VUs  4m06.0s/7m0s

running (4m07.0s), 8/8 VUs, 67 complete and 0 interrupted iterations
default   [  59% ] 8 VUs  4m07.0s/7m0s

running (4m08.0s), 8/8 VUs, 69 complete and 0 interrupted iterations
default   [  59% ] 8 VUs  4m08.0s/7m0s

running (4m09.0s), 8/8 VUs, 69 complete and 0 interrupted iterations
default   [  59% ] 8 VUs  4m09.0s/7m0s

running (4m10.0s), 8/8 VUs, 69 complete and 0 interrupted iterations
default   [  60% ] 8 VUs  4m10.0s/7m0s

running (4m11.0s), 8/8 VUs, 70 complete and 0 interrupted iterations
default   [  60% ] 8 VUs  4m11.0s/7m0s

running (4m12.0s), 8/8 VUs, 70 complete and 0 interrupted iterations
default   [  60% ] 8 VUs  4m12.0s/7m0s

running (4m13.0s), 8/8 VUs, 70 complete and 0 interrupted iterations
default   [  60% ] 8 VUs  4m13.0s/7m0s

running (4m14.0s), 8/8 VUs, 70 complete and 0 interrupted iterations
default   [  60% ] 8 VUs  4m14.0s/7m0s

running (4m15.0s), 8/8 VUs, 70 complete and 0 interrupted iterations
default   [  61% ] 8 VUs  4m15.0s/7m0s

running (4m16.0s), 8/8 VUs, 71 complete and 0 interrupted iterations
default   [  61% ] 8 VUs  4m16.0s/7m0s

running (4m17.0s), 8/8 VUs, 71 complete and 0 interrupted iterations
default   [  61% ] 8 VUs  4m17.0s/7m0s

running (4m18.0s), 8/8 VUs, 71 complete and 0 interrupted iterations
default   [  61% ] 8 VUs  4m18.0s/7m0s

running (4m19.0s), 8/8 VUs, 72 complete and 0 interrupted iterations
default   [  62% ] 8 VUs  4m19.0s/7m0s

running (4m20.0s), 8/8 VUs, 73 complete and 0 interrupted iterations
default   [  62% ] 8 VUs  4m20.0s/7m0s

running (4m21.0s), 8/8 VUs, 73 complete and 0 interrupted iterations
default   [  62% ] 8 VUs  4m21.0s/7m0s

running (4m22.0s), 8/8 VUs, 73 complete and 0 interrupted iterations
default   [  62% ] 8 VUs  4m22.0s/7m0s

running (4m23.0s), 8/8 VUs, 74 complete and 0 interrupted iterations
default   [  63% ] 8 VUs  4m23.0s/7m0s

running (4m24.0s), 8/8 VUs, 74 complete and 0 interrupted iterations
default   [  63% ] 8 VUs  4m24.0s/7m0s

running (4m25.0s), 8/8 VUs, 74 complete and 0 interrupted iterations
default   [  63% ] 8 VUs  4m25.0s/7m0s

running (4m26.0s), 8/8 VUs, 74 complete and 0 interrupted iterations
default   [  63% ] 8 VUs  4m26.0s/7m0s

running (4m27.0s), 8/8 VUs, 74 complete and 0 interrupted iterations
default   [  64% ] 8 VUs  4m27.0s/7m0s

running (4m28.0s), 8/8 VUs, 74 complete and 0 interrupted iterations
default   [  64% ] 8 VUs  4m28.0s/7m0s

running (4m29.0s), 8/8 VUs, 74 complete and 0 interrupted iterations
default   [  64% ] 8 VUs  4m29.0s/7m0s

running (4m30.0s), 8/8 VUs, 74 complete and 0 interrupted iterations
default   [  64% ] 8 VUs  4m30.0s/7m0s

running (4m31.0s), 8/8 VUs, 74 complete and 0 interrupted iterations
default   [  65% ] 8 VUs  4m31.0s/7m0s

running (4m32.0s), 8/8 VUs, 74 complete and 0 interrupted iterations
default   [  65% ] 8 VUs  4m32.0s/7m0s

running (4m33.0s), 8/8 VUs, 74 complete and 0 interrupted iterations
default   [  65% ] 8 VUs  4m33.0s/7m0s

running (4m34.0s), 8/8 VUs, 74 complete and 0 interrupted iterations
default   [  65% ] 8 VUs  4m34.0s/7m0s

running (4m35.0s), 8/8 VUs, 76 complete and 0 interrupted iterations
default   [  65% ] 8 VUs  4m35.0s/7m0s

running (4m36.0s), 8/8 VUs, 77 complete and 0 interrupted iterations
default   [  66% ] 8 VUs  4m36.0s/7m0s

running (4m37.0s), 8/8 VUs, 78 complete and 0 interrupted iterations
default   [  66% ] 8 VUs  4m37.0s/7m0s

running (4m38.0s), 8/8 VUs, 79 complete and 0 interrupted iterations
default   [  66% ] 8 VUs  4m38.0s/7m0s

running (4m39.0s), 8/8 VUs, 80 complete and 0 interrupted iterations
default   [  66% ] 8 VUs  4m39.0s/7m0s

running (4m40.0s), 8/8 VUs, 80 complete and 0 interrupted iterations
default   [  67% ] 8 VUs  4m40.0s/7m0s

running (4m41.0s), 8/8 VUs, 81 complete and 0 interrupted iterations
default   [  67% ] 8 VUs  4m41.0s/7m0s

running (4m42.0s), 8/8 VUs, 82 complete and 0 interrupted iterations
default   [  67% ] 8 VUs  4m42.0s/7m0s

running (4m43.0s), 8/8 VUs, 82 complete and 0 interrupted iterations
default   [  67% ] 8 VUs  4m43.0s/7m0s

running (4m44.0s), 8/8 VUs, 82 complete and 0 interrupted iterations
default   [  68% ] 8 VUs  4m44.0s/7m0s

running (4m45.0s), 8/8 VUs, 82 complete and 0 interrupted iterations
default   [  68% ] 8 VUs  4m45.0s/7m0s

running (4m46.0s), 8/8 VUs, 82 complete and 0 interrupted iterations
default   [  68% ] 8 VUs  4m46.0s/7m0s

running (4m47.0s), 8/8 VUs, 82 complete and 0 interrupted iterations
default   [  68% ] 8 VUs  4m47.0s/7m0s

running (4m48.0s), 8/8 VUs, 82 complete and 0 interrupted iterations
default   [  69% ] 8 VUs  4m48.0s/7m0s

running (4m49.0s), 8/8 VUs, 82 complete and 0 interrupted iterations
default   [  69% ] 8 VUs  4m49.0s/7m0s

running (4m50.0s), 8/8 VUs, 82 complete and 0 interrupted iterations
default   [  69% ] 8 VUs  4m50.0s/7m0s

running (4m51.0s), 8/8 VUs, 82 complete and 0 interrupted iterations
default   [  69% ] 8 VUs  4m51.0s/7m0s

running (4m52.0s), 8/8 VUs, 82 complete and 0 interrupted iterations
default   [  70% ] 8 VUs  4m52.0s/7m0s

running (4m53.0s), 8/8 VUs, 82 complete and 0 interrupted iterations
default   [  70% ] 8 VUs  4m53.0s/7m0s

running (4m54.0s), 8/8 VUs, 82 complete and 0 interrupted iterations
default   [  70% ] 8 VUs  4m54.0s/7m0s

running (4m55.0s), 8/8 VUs, 82 complete and 0 interrupted iterations
default   [  70% ] 8 VUs  4m55.0s/7m0s

running (4m56.0s), 8/8 VUs, 82 complete and 0 interrupted iterations
default   [  70% ] 8 VUs  4m56.0s/7m0s

running (4m57.0s), 8/8 VUs, 83 complete and 0 interrupted iterations
default   [  71% ] 8 VUs  4m57.0s/7m0s

running (4m58.0s), 8/8 VUs, 84 complete and 0 interrupted iterations
default   [  71% ] 8 VUs  4m58.0s/7m0s

running (4m59.0s), 8/8 VUs, 84 complete and 0 interrupted iterations
default   [  71% ] 8 VUs  4m59.0s/7m0s

running (5m00.0s), 8/8 VUs, 84 complete and 0 interrupted iterations
default   [  71% ] 8 VUs  5m00.0s/7m0s

running (5m01.0s), 8/8 VUs, 84 complete and 0 interrupted iterations
default   [  72% ] 8 VUs  5m01.0s/7m0s

running (5m02.0s), 8/8 VUs, 84 complete and 0 interrupted iterations
default   [  72% ] 8 VUs  5m02.0s/7m0s

running (5m03.0s), 8/8 VUs, 84 complete and 0 interrupted iterations
default   [  72% ] 8 VUs  5m03.0s/7m0s

running (5m04.0s), 8/8 VUs, 84 complete and 0 interrupted iterations
default   [  72% ] 8 VUs  5m04.0s/7m0s

running (5m05.0s), 8/8 VUs, 84 complete and 0 interrupted iterations
default   [  73% ] 8 VUs  5m05.0s/7m0s

running (5m06.0s), 8/8 VUs, 84 complete and 0 interrupted iterations
default   [  73% ] 8 VUs  5m06.0s/7m0s

running (5m07.0s), 8/8 VUs, 86 complete and 0 interrupted iterations
default   [  73% ] 8 VUs  5m07.0s/7m0s

running (5m08.0s), 8/8 VUs, 86 complete and 0 interrupted iterations
default   [  73% ] 8 VUs  5m08.0s/7m0s

running (5m09.0s), 8/8 VUs, 87 complete and 0 interrupted iterations
default   [  74% ] 8 VUs  5m09.0s/7m0s

running (5m10.0s), 8/8 VUs, 87 complete and 0 interrupted iterations
default   [  74% ] 8 VUs  5m10.0s/7m0s

running (5m11.0s), 8/8 VUs, 88 complete and 0 interrupted iterations
default   [  74% ] 8 VUs  5m11.0s/7m0s

running (5m12.0s), 8/8 VUs, 89 complete and 0 interrupted iterations
default   [  74% ] 8 VUs  5m12.0s/7m0s

running (5m13.0s), 8/8 VUs, 90 complete and 0 interrupted iterations
default   [  75% ] 8 VUs  5m13.0s/7m0s

running (5m14.0s), 8/8 VUs, 90 complete and 0 interrupted iterations
default   [  75% ] 8 VUs  5m14.0s/7m0s

running (5m15.0s), 8/8 VUs, 91 complete and 0 interrupted iterations
default   [  75% ] 8 VUs  5m15.0s/7m0s

running (5m16.0s), 8/8 VUs, 91 complete and 0 interrupted iterations
default   [  75% ] 8 VUs  5m16.0s/7m0s

running (5m17.0s), 8/8 VUs, 91 complete and 0 interrupted iterations
default   [  75% ] 8 VUs  5m17.0s/7m0s

running (5m18.0s), 8/8 VUs, 91 complete and 0 interrupted iterations
default   [  76% ] 8 VUs  5m18.0s/7m0s

running (5m19.0s), 8/8 VUs, 92 complete and 0 interrupted iterations
default   [  76% ] 8 VUs  5m19.0s/7m0s

running (5m20.0s), 8/8 VUs, 92 complete and 0 interrupted iterations
default   [  76% ] 8 VUs  5m20.0s/7m0s

running (5m21.0s), 8/8 VUs, 92 complete and 0 interrupted iterations
default   [  76% ] 8 VUs  5m21.0s/7m0s

running (5m22.0s), 8/8 VUs, 92 complete and 0 interrupted iterations
default   [  77% ] 8 VUs  5m22.0s/7m0s

running (5m23.0s), 8/8 VUs, 92 complete and 0 interrupted iterations
default   [  77% ] 8 VUs  5m23.0s/7m0s

running (5m24.0s), 8/8 VUs, 92 complete and 0 interrupted iterations
default   [  77% ] 8 VUs  5m24.0s/7m0s

running (5m25.0s), 8/8 VUs, 92 complete and 0 interrupted iterations
default   [  77% ] 8 VUs  5m25.0s/7m0s

running (5m26.0s), 8/8 VUs, 92 complete and 0 interrupted iterations
default   [  78% ] 8 VUs  5m26.0s/7m0s

running (5m27.0s), 8/8 VUs, 92 complete and 0 interrupted iterations
default   [  78% ] 8 VUs  5m27.0s/7m0s

running (5m28.0s), 8/8 VUs, 92 complete and 0 interrupted iterations
default   [  78% ] 8 VUs  5m28.0s/7m0s

running (5m29.0s), 8/8 VUs, 92 complete and 0 interrupted iterations
default   [  78% ] 8 VUs  5m29.0s/7m0s

running (5m30.0s), 8/8 VUs, 93 complete and 0 interrupted iterations
default   [  79% ] 8 VUs  5m30.0s/7m0s

running (5m31.0s), 8/8 VUs, 93 complete and 0 interrupted iterations
default   [  79% ] 8 VUs  5m31.0s/7m0s

running (5m32.0s), 8/8 VUs, 93 complete and 0 interrupted iterations
default   [  79% ] 8 VUs  5m32.0s/7m0s

running (5m33.0s), 8/8 VUs, 93 complete and 0 interrupted iterations
default   [  79% ] 8 VUs  5m33.0s/7m0s

running (5m34.0s), 8/8 VUs, 94 complete and 0 interrupted iterations
default   [  80% ] 8 VUs  5m34.0s/7m0s

running (5m35.0s), 8/8 VUs, 94 complete and 0 interrupted iterations
default   [  80% ] 8 VUs  5m35.0s/7m0s

running (5m36.0s), 8/8 VUs, 95 complete and 0 interrupted iterations
default   [  80% ] 8 VUs  5m36.0s/7m0s

running (5m37.0s), 8/8 VUs, 95 complete and 0 interrupted iterations
default   [  80% ] 8 VUs  5m37.0s/7m0s

running (5m38.0s), 8/8 VUs, 96 complete and 0 interrupted iterations
default   [  80% ] 8 VUs  5m38.0s/7m0s

running (5m39.0s), 8/8 VUs, 98 complete and 0 interrupted iterations
default   [  81% ] 8 VUs  5m39.0s/7m0s

running (5m40.0s), 8/8 VUs, 98 complete and 0 interrupted iterations
default   [  81% ] 8 VUs  5m40.0s/7m0s

running (5m41.0s), 8/8 VUs, 98 complete and 0 interrupted iterations
default   [  81% ] 8 VUs  5m41.0s/7m0s

running (5m42.0s), 8/8 VUs, 98 complete and 0 interrupted iterations
default   [  81% ] 8 VUs  5m42.0s/7m0s

running (5m43.0s), 8/8 VUs, 98 complete and 0 interrupted iterations
default   [  82% ] 8 VUs  5m43.0s/7m0s

running (5m44.0s), 8/8 VUs, 100 complete and 0 interrupted iterations
default   [  82% ] 8 VUs  5m44.0s/7m0s

running (5m45.0s), 8/8 VUs, 100 complete and 0 interrupted iterations
default   [  82% ] 8 VUs  5m45.0s/7m0s

running (5m46.0s), 8/8 VUs, 100 complete and 0 interrupted iterations
default   [  82% ] 8 VUs  5m46.0s/7m0s

running (5m47.0s), 8/8 VUs, 100 complete and 0 interrupted iterations
default   [  83% ] 8 VUs  5m47.0s/7m0s

running (5m48.0s), 8/8 VUs, 100 complete and 0 interrupted iterations
default   [  83% ] 8 VUs  5m48.0s/7m0s

running (5m49.0s), 8/8 VUs, 100 complete and 0 interrupted iterations
default   [  83% ] 8 VUs  5m49.0s/7m0s

running (5m50.0s), 8/8 VUs, 100 complete and 0 interrupted iterations
default   [  83% ] 8 VUs  5m50.0s/7m0s

running (5m51.0s), 8/8 VUs, 100 complete and 0 interrupted iterations
default   [  84% ] 8 VUs  5m51.0s/7m0s

running (5m52.0s), 8/8 VUs, 100 complete and 0 interrupted iterations
default   [  84% ] 8 VUs  5m52.0s/7m0s

running (5m53.0s), 8/8 VUs, 101 complete and 0 interrupted iterations
default   [  84% ] 8 VUs  5m53.0s/7m0s

running (5m54.0s), 8/8 VUs, 101 complete and 0 interrupted iterations
default   [  84% ] 8 VUs  5m54.0s/7m0s

running (5m55.0s), 8/8 VUs, 101 complete and 0 interrupted iterations
default   [  85% ] 8 VUs  5m55.0s/7m0s

running (5m56.0s), 8/8 VUs, 101 complete and 0 interrupted iterations
default   [  85% ] 8 VUs  5m56.0s/7m0s

running (5m57.0s), 8/8 VUs, 101 complete and 0 interrupted iterations
default   [  85% ] 8 VUs  5m57.0s/7m0s

running (5m58.0s), 8/8 VUs, 101 complete and 0 interrupted iterations
default   [  85% ] 8 VUs  5m58.0s/7m0s

running (5m59.0s), 8/8 VUs, 101 complete and 0 interrupted iterations
default   [  85% ] 8 VUs  5m59.0s/7m0s

running (6m00.0s), 8/8 VUs, 101 complete and 0 interrupted iterations
default   [  86% ] 8 VUs  6m00.0s/7m0s

running (6m01.0s), 8/8 VUs, 103 complete and 0 interrupted iterations
default   [  86% ] 8 VUs  6m01.0s/7m0s

running (6m02.0s), 8/8 VUs, 103 complete and 0 interrupted iterations
default   [  86% ] 8 VUs  6m02.0s/7m0s

running (6m03.0s), 8/8 VUs, 103 complete and 0 interrupted iterations
default   [  86% ] 8 VUs  6m03.0s/7m0s

running (6m04.0s), 8/8 VUs, 104 complete and 0 interrupted iterations
default   [  87% ] 8 VUs  6m04.0s/7m0s

running (6m05.0s), 8/8 VUs, 104 complete and 0 interrupted iterations
default   [  87% ] 8 VUs  6m05.0s/7m0s

running (6m06.0s), 8/8 VUs, 104 complete and 0 interrupted iterations
default   [  87% ] 8 VUs  6m06.0s/7m0s

running (6m07.0s), 8/8 VUs, 105 complete and 0 interrupted iterations
default   [  87% ] 8 VUs  6m07.0s/7m0s

running (6m08.0s), 8/8 VUs, 106 complete and 0 interrupted iterations
default   [  88% ] 8 VUs  6m08.0s/7m0s

running (6m09.0s), 8/8 VUs, 106 complete and 0 interrupted iterations
default   [  88% ] 8 VUs  6m09.0s/7m0s

running (6m10.0s), 8/8 VUs, 109 complete and 0 interrupted iterations
default   [  88% ] 8 VUs  6m10.0s/7m0s

running (6m11.0s), 8/8 VUs, 109 complete and 0 interrupted iterations
default   [  88% ] 8 VUs  6m11.0s/7m0s

running (6m12.0s), 8/8 VUs, 109 complete and 0 interrupted iterations
default   [  89% ] 8 VUs  6m12.0s/7m0s

running (6m13.0s), 8/8 VUs, 109 complete and 0 interrupted iterations
default   [  89% ] 8 VUs  6m13.0s/7m0s

running (6m14.0s), 8/8 VUs, 109 complete and 0 interrupted iterations
default   [  89% ] 8 VUs  6m14.0s/7m0s

running (6m15.0s), 8/8 VUs, 109 complete and 0 interrupted iterations
default   [  89% ] 8 VUs  6m15.0s/7m0s

running (6m16.0s), 8/8 VUs, 109 complete and 0 interrupted iterations
default   [  90% ] 8 VUs  6m16.0s/7m0s

running (6m17.0s), 8/8 VUs, 109 complete and 0 interrupted iterations
default   [  90% ] 8 VUs  6m17.0s/7m0s

running (6m18.0s), 8/8 VUs, 109 complete and 0 interrupted iterations
default   [  90% ] 8 VUs  6m18.0s/7m0s

running (6m19.0s), 8/8 VUs, 109 complete and 0 interrupted iterations
default   [  90% ] 8 VUs  6m19.0s/7m0s

running (6m20.0s), 8/8 VUs, 109 complete and 0 interrupted iterations
default   [  90% ] 8 VUs  6m20.0s/7m0s

running (6m21.0s), 8/8 VUs, 109 complete and 0 interrupted iterations
default   [  91% ] 8 VUs  6m21.0s/7m0s

running (6m22.0s), 8/8 VUs, 109 complete and 0 interrupted iterations
default   [  91% ] 8 VUs  6m22.0s/7m0s

running (6m23.0s), 8/8 VUs, 109 complete and 0 interrupted iterations
default   [  91% ] 8 VUs  6m23.0s/7m0s

running (6m24.0s), 8/8 VUs, 109 complete and 0 interrupted iterations
default   [  91% ] 8 VUs  6m24.0s/7m0s

running (6m25.0s), 8/8 VUs, 109 complete and 0 interrupted iterations
default   [  92% ] 8 VUs  6m25.0s/7m0s

running (6m26.0s), 8/8 VUs, 109 complete and 0 interrupted iterations
default   [  92% ] 8 VUs  6m26.0s/7m0s

running (6m27.0s), 8/8 VUs, 109 complete and 0 interrupted iterations
default   [  92% ] 8 VUs  6m27.0s/7m0s

running (6m28.0s), 8/8 VUs, 110 complete and 0 interrupted iterations
default   [  92% ] 8 VUs  6m28.0s/7m0s

running (6m29.0s), 8/8 VUs, 110 complete and 0 interrupted iterations
default   [  93% ] 8 VUs  6m29.0s/7m0s

running (6m30.0s), 8/8 VUs, 111 complete and 0 interrupted iterations
default   [  93% ] 8 VUs  6m30.0s/7m0s

running (6m31.0s), 8/8 VUs, 111 complete and 0 interrupted iterations
default   [  93% ] 8 VUs  6m31.0s/7m0s

running (6m32.0s), 8/8 VUs, 111 complete and 0 interrupted iterations
default   [  93% ] 8 VUs  6m32.0s/7m0s

running (6m33.0s), 8/8 VUs, 113 complete and 0 interrupted iterations
default   [  94% ] 8 VUs  6m33.0s/7m0s

running (6m34.0s), 8/8 VUs, 113 complete and 0 interrupted iterations
default   [  94% ] 8 VUs  6m34.0s/7m0s

running (6m35.0s), 8/8 VUs, 114 complete and 0 interrupted iterations
default   [  94% ] 8 VUs  6m35.0s/7m0s

running (6m36.0s), 8/8 VUs, 114 complete and 0 interrupted iterations
default   [  94% ] 8 VUs  6m36.0s/7m0s

running (6m37.0s), 8/8 VUs, 115 complete and 0 interrupted iterations
default   [  95% ] 8 VUs  6m37.0s/7m0s

running (6m38.0s), 8/8 VUs, 115 complete and 0 interrupted iterations
default   [  95% ] 8 VUs  6m38.0s/7m0s

running (6m39.0s), 8/8 VUs, 115 complete and 0 interrupted iterations
default   [  95% ] 8 VUs  6m39.0s/7m0s

running (6m40.0s), 8/8 VUs, 115 complete and 0 interrupted iterations
default   [  95% ] 8 VUs  6m40.0s/7m0s

running (6m41.0s), 8/8 VUs, 115 complete and 0 interrupted iterations
default   [  95% ] 8 VUs  6m41.0s/7m0s

running (6m42.0s), 8/8 VUs, 115 complete and 0 interrupted iterations
default   [  96% ] 8 VUs  6m42.0s/7m0s

running (6m43.0s), 8/8 VUs, 115 complete and 0 interrupted iterations
default   [  96% ] 8 VUs  6m43.0s/7m0s

running (6m44.0s), 8/8 VUs, 116 complete and 0 interrupted iterations
default   [  96% ] 8 VUs  6m44.0s/7m0s

running (6m45.0s), 8/8 VUs, 116 complete and 0 interrupted iterations
default   [  96% ] 8 VUs  6m45.0s/7m0s

running (6m46.0s), 8/8 VUs, 117 complete and 0 interrupted iterations
default   [  97% ] 8 VUs  6m46.0s/7m0s

running (6m47.0s), 8/8 VUs, 117 complete and 0 interrupted iterations
default   [  97% ] 8 VUs  6m47.0s/7m0s

running (6m48.0s), 8/8 VUs, 117 complete and 0 interrupted iterations
default   [  97% ] 8 VUs  6m48.0s/7m0s

running (6m49.0s), 8/8 VUs, 117 complete and 0 interrupted iterations
default   [  97% ] 8 VUs  6m49.0s/7m0s

running (6m50.0s), 8/8 VUs, 117 complete and 0 interrupted iterations
default   [  98% ] 8 VUs  6m50.0s/7m0s

running (6m51.0s), 8/8 VUs, 117 complete and 0 interrupted iterations
default   [  98% ] 8 VUs  6m51.0s/7m0s

running (6m52.0s), 8/8 VUs, 117 complete and 0 interrupted iterations
default   [  98% ] 8 VUs  6m52.0s/7m0s

running (6m53.0s), 8/8 VUs, 117 complete and 0 interrupted iterations
default   [  98% ] 8 VUs  6m53.0s/7m0s

running (6m54.0s), 8/8 VUs, 117 complete and 0 interrupted iterations
default   [  99% ] 8 VUs  6m54.0s/7m0s

running (6m55.0s), 8/8 VUs, 117 complete and 0 interrupted iterations
default   [  99% ] 8 VUs  6m55.0s/7m0s

running (6m56.0s), 8/8 VUs, 117 complete and 0 interrupted iterations
default   [  99% ] 8 VUs  6m56.0s/7m0s

running (6m57.0s), 8/8 VUs, 117 complete and 0 interrupted iterations
default   [  99% ] 8 VUs  6m57.0s/7m0s

running (6m58.0s), 8/8 VUs, 117 complete and 0 interrupted iterations
default   [ 100% ] 8 VUs  6m58.0s/7m0s

running (6m59.0s), 8/8 VUs, 119 complete and 0 interrupted iterations
default   [ 100% ] 8 VUs  6m59.0s/7m0s

running (7m00.0s), 8/8 VUs, 120 complete and 0 interrupted iterations
default   [ 100% ] 8 VUs  7m00.0s/7m0s

running (7m01.0s), 6/8 VUs, 122 complete and 0 interrupted iterations
default ↓ [ 100% ] 8 VUs  7m0s

running (7m02.0s), 5/8 VUs, 123 complete and 0 interrupted iterations
default ↓ [ 100% ] 8 VUs  7m0s

running (7m03.0s), 3/8 VUs, 125 complete and 0 interrupted iterations
default ↓ [ 100% ] 8 VUs  7m0s

running (7m04.0s), 3/8 VUs, 125 complete and 0 interrupted iterations
default ↓ [ 100% ] 8 VUs  7m0s

running (7m05.0s), 3/8 VUs, 125 complete and 0 interrupted iterations
default ↓ [ 100% ] 8 VUs  7m0s


  █ TOTAL RESULTS 

    checks_total.......: 256     0.601344/s
    checks_succeeded...: 100.00% 256 out of 256
    checks_failed......: 0.00%   0 out of 256

    ✓ status is 200
    ✓ rankings array exists

    HTTP
    http_req_duration..............: avg=26.33s min=6.04s med=27.59s max=41.17s p(90)=37.11s p(95)=39.33s
      { expected_response:true }...: avg=26.33s min=6.04s med=27.59s max=41.17s p(90)=37.11s p(95)=39.33s
    http_req_failed................: 0.00%  0 out of 128
    http_reqs......................: 128    0.300672/s

    EXECUTION
    iteration_duration.............: avg=26.43s min=6.14s med=27.69s max=41.28s p(90)=37.21s p(95)=39.43s
    iterations.....................: 128    0.300672/s
    vus............................: 3      min=3        max=8
    vus_max........................: 8      min=8        max=8

    NETWORK
    data_received..................: 1.3 MB 3.1 kB/s
    data_sent......................: 11 kB  26 B/s




running (7m05.7s), 0/8 VUs, 128 complete and 0 interrupted iterations
default ✓ [ 100% ] 8 VUs  7m0s
