
         /\      Grafana   /‾‾/  
    /\  /  \     |\  __   /  /   
   /  \/    \    | |/ /  /   ‾‾\ 
  /          \   |   (  |  (‾)  |
 / __________ \  |_|\_\  \_____/ 

     execution: local
        script: /Users/owner/high-traffic-performance-tuning/test/load/ranking-test-scale.js
        output: -

     scenarios: (100.00%) 1 scenario, 8 max VUs, 1m30s max duration (incl. graceful stop):
              * default: 8 looping VUs for 1m0s (gracefulStop: 30s)


running (0m01.0s), 8/8 VUs, 8 complete and 0 interrupted iterations
default   [   2% ] 8 VUs  0m01.0s/1m0s

running (0m02.0s), 8/8 VUs, 16 complete and 0 interrupted iterations
default   [   3% ] 8 VUs  0m02.0s/1m0s

running (0m03.0s), 8/8 VUs, 24 complete and 0 interrupted iterations
default   [   5% ] 8 VUs  0m03.0s/1m0s

running (0m04.0s), 8/8 VUs, 38 complete and 0 interrupted iterations
default   [   7% ] 8 VUs  0m04.0s/1m0s

running (0m05.0s), 8/8 VUs, 48 complete and 0 interrupted iterations
default   [   8% ] 8 VUs  0m05.0s/1m0s

running (0m06.0s), 8/8 VUs, 56 complete and 0 interrupted iterations
default   [  10% ] 8 VUs  0m06.0s/1m0s

running (0m07.0s), 8/8 VUs, 64 complete and 0 interrupted iterations
default   [  12% ] 8 VUs  0m07.0s/1m0s

running (0m08.0s), 8/8 VUs, 72 complete and 0 interrupted iterations
default   [  13% ] 8 VUs  0m08.0s/1m0s

running (0m09.0s), 8/8 VUs, 88 complete and 0 interrupted iterations
default   [  15% ] 8 VUs  0m09.0s/1m0s

running (0m10.0s), 8/8 VUs, 96 complete and 0 interrupted iterations
default   [  17% ] 8 VUs  0m10.0s/1m0s

running (0m11.0s), 8/8 VUs, 104 complete and 0 interrupted iterations
default   [  18% ] 8 VUs  0m11.0s/1m0s

running (0m12.0s), 8/8 VUs, 112 complete and 0 interrupted iterations
default   [  20% ] 8 VUs  0m12.0s/1m0s

running (0m13.0s), 8/8 VUs, 127 complete and 0 interrupted iterations
default   [  22% ] 8 VUs  0m13.0s/1m0s

running (0m14.0s), 8/8 VUs, 136 complete and 0 interrupted iterations
default   [  23% ] 8 VUs  0m14.0s/1m0s

running (0m15.0s), 8/8 VUs, 144 complete and 0 interrupted iterations
default   [  25% ] 8 VUs  0m15.0s/1m0s

running (0m16.0s), 8/8 VUs, 157 complete and 0 interrupted iterations
default   [  27% ] 8 VUs  0m16.0s/1m0s

running (0m17.0s), 8/8 VUs, 167 complete and 0 interrupted iterations
default   [  28% ] 8 VUs  0m17.0s/1m0s

running (0m18.0s), 8/8 VUs, 176 complete and 0 interrupted iterations
default   [  30% ] 8 VUs  0m18.0s/1m0s

running (0m19.0s), 8/8 VUs, 184 complete and 0 interrupted iterations
default   [  32% ] 8 VUs  0m19.0s/1m0s

running (0m20.0s), 8/8 VUs, 199 complete and 0 interrupted iterations
default   [  33% ] 8 VUs  0m20.0s/1m0s

running (0m21.0s), 8/8 VUs, 207 complete and 0 interrupted iterations
default   [  35% ] 8 VUs  0m21.0s/1m0s

running (0m22.0s), 8/8 VUs, 215 complete and 0 interrupted iterations
default   [  37% ] 8 VUs  0m22.0s/1m0s

running (0m23.0s), 8/8 VUs, 224 complete and 0 interrupted iterations
default   [  38% ] 8 VUs  0m23.0s/1m0s

running (0m24.0s), 8/8 VUs, 232 complete and 0 interrupted iterations
default   [  40% ] 8 VUs  0m24.0s/1m0s

running (0m25.0s), 8/8 VUs, 242 complete and 0 interrupted iterations
default   [  42% ] 8 VUs  0m25.0s/1m0s

running (0m26.0s), 8/8 VUs, 250 complete and 0 interrupted iterations
default   [  43% ] 8 VUs  0m26.0s/1m0s

running (0m27.0s), 8/8 VUs, 264 complete and 0 interrupted iterations
default   [  45% ] 8 VUs  0m27.0s/1m0s

running (0m28.0s), 8/8 VUs, 272 complete and 0 interrupted iterations
default   [  47% ] 8 VUs  0m28.0s/1m0s

running (0m29.0s), 8/8 VUs, 282 complete and 0 interrupted iterations
default   [  48% ] 8 VUs  0m29.0s/1m0s

running (0m30.0s), 8/8 VUs, 292 complete and 0 interrupted iterations
default   [  50% ] 8 VUs  0m30.0s/1m0s

running (0m31.0s), 8/8 VUs, 304 complete and 0 interrupted iterations
default   [  52% ] 8 VUs  0m31.0s/1m0s

running (0m32.0s), 8/8 VUs, 313 complete and 0 interrupted iterations
default   [  53% ] 8 VUs  0m32.0s/1m0s

running (0m33.0s), 8/8 VUs, 322 complete and 0 interrupted iterations
default   [  55% ] 8 VUs  0m33.0s/1m0s

running (0m34.0s), 8/8 VUs, 333 complete and 0 interrupted iterations
default   [  57% ] 8 VUs  0m34.0s/1m0s

running (0m35.0s), 8/8 VUs, 345 complete and 0 interrupted iterations
default   [  58% ] 8 VUs  0m35.0s/1m0s

running (0m36.0s), 8/8 VUs, 353 complete and 0 interrupted iterations
default   [  60% ] 8 VUs  0m36.0s/1m0s

running (0m37.0s), 8/8 VUs, 362 complete and 0 interrupted iterations
default   [  62% ] 8 VUs  0m37.0s/1m0s

running (0m38.0s), 8/8 VUs, 375 complete and 0 interrupted iterations
default   [  63% ] 8 VUs  0m38.0s/1m0s

running (0m39.0s), 8/8 VUs, 385 complete and 0 interrupted iterations
default   [  65% ] 8 VUs  0m39.0s/1m0s

running (0m40.0s), 8/8 VUs, 394 complete and 0 interrupted iterations
default   [  67% ] 8 VUs  0m40.0s/1m0s

running (0m41.0s), 8/8 VUs, 402 complete and 0 interrupted iterations
default   [  68% ] 8 VUs  0m41.0s/1m0s

running (0m42.0s), 8/8 VUs, 417 complete and 0 interrupted iterations
default   [  70% ] 8 VUs  0m42.0s/1m0s

running (0m43.0s), 8/8 VUs, 426 complete and 0 interrupted iterations
default   [  72% ] 8 VUs  0m43.0s/1m0s

running (0m44.0s), 8/8 VUs, 434 complete and 0 interrupted iterations
default   [  73% ] 8 VUs  0m44.0s/1m0s

running (0m45.0s), 8/8 VUs, 442 complete and 0 interrupted iterations
default   [  75% ] 8 VUs  0m45.0s/1m0s

running (0m46.0s), 8/8 VUs, 458 complete and 0 interrupted iterations
default   [  77% ] 8 VUs  0m46.0s/1m0s

running (0m47.0s), 8/8 VUs, 466 complete and 0 interrupted iterations
default   [  78% ] 8 VUs  0m47.0s/1m0s

running (0m48.0s), 8/8 VUs, 474 complete and 0 interrupted iterations
default   [  80% ] 8 VUs  0m48.0s/1m0s

running (0m49.0s), 8/8 VUs, 490 complete and 0 interrupted iterations
default   [  82% ] 8 VUs  0m49.0s/1m0s

running (0m50.0s), 8/8 VUs, 498 complete and 0 interrupted iterations
default   [  83% ] 8 VUs  0m50.0s/1m0s

running (0m51.0s), 8/8 VUs, 506 complete and 0 interrupted iterations
default   [  85% ] 8 VUs  0m51.0s/1m0s

running (0m52.0s), 8/8 VUs, 515 complete and 0 interrupted iterations
default   [  87% ] 8 VUs  0m52.0s/1m0s

running (0m53.0s), 8/8 VUs, 530 complete and 0 interrupted iterations
default   [  88% ] 8 VUs  0m53.0s/1m0s

running (0m54.0s), 8/8 VUs, 538 complete and 0 interrupted iterations
default   [  90% ] 8 VUs  0m54.0s/1m0s

running (0m55.0s), 8/8 VUs, 547 complete and 0 interrupted iterations
default   [  92% ] 8 VUs  0m55.0s/1m0s

running (0m56.0s), 8/8 VUs, 555 complete and 0 interrupted iterations
default   [  93% ] 8 VUs  0m56.0s/1m0s

running (0m57.0s), 8/8 VUs, 570 complete and 0 interrupted iterations
default   [  95% ] 8 VUs  0m57.0s/1m0s

running (0m58.0s), 8/8 VUs, 578 complete and 0 interrupted iterations
default   [  97% ] 8 VUs  0m58.0s/1m0s

running (0m59.0s), 8/8 VUs, 587 complete and 0 interrupted iterations
default   [  98% ] 8 VUs  0m59.0s/1m0s

running (1m00.0s), 8/8 VUs, 595 complete and 0 interrupted iterations
default   [ 100% ] 8 VUs  1m00.0s/1m0s


  █ TOTAL RESULTS 

    checks_total.......: 1206    20.030125/s
    checks_succeeded...: 100.00% 1206 out of 1206
    checks_failed......: 0.00%   0 out of 1206

    ✓ status is 200
    ✓ rankings array exists

    HTTP
    http_req_duration..............: avg=695.47ms min=600.32ms med=690.55ms max=917.92ms p(90)=736.7ms  p(95)=767.96ms
      { expected_response:true }...: avg=695.47ms min=600.32ms med=690.55ms max=917.92ms p(90)=736.7ms  p(95)=767.96ms
    http_req_failed................: 0.00%  0 out of 603
    http_reqs......................: 603    10.015063/s

    EXECUTION
    iteration_duration.............: avg=797.01ms min=702.2ms  med=792.38ms max=1.01s    p(90)=838.06ms p(95)=869.39ms
    iterations.....................: 603    10.015063/s
    vus............................: 8      min=8        max=8
    vus_max........................: 8      min=8        max=8

    NETWORK
    data_received..................: 6.3 MB 104 kB/s
    data_sent......................: 51 kB  851 B/s




running (1m00.2s), 0/8 VUs, 603 complete and 0 interrupted iterations
default ✓ [ 100% ] 8 VUs  1m0s
