
         /\      Grafana   /‾‾/  
    /\  /  \     |\  __   /  /   
   /  \/    \    | |/ /  /   ‾‾\ 
  /          \   |   (  |  (‾)  |
 / __________ \  |_|\_\  \_____/ 

     execution: local
        script: /Users/owner/high-traffic-performance-tuning/test/load/ranking-test-scale.js
        output: -

     scenarios: (100.00%) 1 scenario, 8 max VUs, 1m30s max duration (incl. graceful stop):
              * default: 8 looping VUs for 1m0s (gracefulStop: 30s)


running (0m01.0s), 8/8 VUs, 72 complete and 0 interrupted iterations
default   [   2% ] 8 VUs  0m01.0s/1m0s

running (0m02.0s), 8/8 VUs, 144 complete and 0 interrupted iterations
default   [   3% ] 8 VUs  0m02.0s/1m0s

running (0m03.0s), 8/8 VUs, 216 complete and 0 interrupted iterations
default   [   5% ] 8 VUs  0m03.0s/1m0s

running (0m04.0s), 8/8 VUs, 288 complete and 0 interrupted iterations
default   [   7% ] 8 VUs  0m04.0s/1m0s

running (0m05.0s), 8/8 VUs, 368 complete and 0 interrupted iterations
default   [   8% ] 8 VUs  0m05.0s/1m0s

running (0m06.0s), 8/8 VUs, 440 complete and 0 interrupted iterations
default   [  10% ] 8 VUs  0m06.0s/1m0s

running (0m07.0s), 8/8 VUs, 512 complete and 0 interrupted iterations
default   [  12% ] 8 VUs  0m07.0s/1m0s

running (0m08.0s), 8/8 VUs, 584 complete and 0 interrupted iterations
default   [  13% ] 8 VUs  0m08.0s/1m0s

running (0m09.0s), 8/8 VUs, 664 complete and 0 interrupted iterations
default   [  15% ] 8 VUs  0m09.0s/1m0s

running (0m10.0s), 8/8 VUs, 736 complete and 0 interrupted iterations
default   [  17% ] 8 VUs  0m10.0s/1m0s

running (0m11.0s), 8/8 VUs, 808 complete and 0 interrupted iterations
default   [  18% ] 8 VUs  0m11.0s/1m0s

running (0m12.0s), 8/8 VUs, 880 complete and 0 interrupted iterations
default   [  20% ] 8 VUs  0m12.0s/1m0s

running (0m13.0s), 8/8 VUs, 952 complete and 0 interrupted iterations
default   [  22% ] 8 VUs  0m13.0s/1m0s

running (0m14.0s), 8/8 VUs, 1024 complete and 0 interrupted iterations
default   [  23% ] 8 VUs  0m14.0s/1m0s

running (0m15.0s), 8/8 VUs, 1104 complete and 0 interrupted iterations
default   [  25% ] 8 VUs  0m15.0s/1m0s

running (0m16.0s), 8/8 VUs, 1176 complete and 0 interrupted iterations
default   [  27% ] 8 VUs  0m16.0s/1m0s

running (0m17.0s), 8/8 VUs, 1248 complete and 0 interrupted iterations
default   [  28% ] 8 VUs  0m17.0s/1m0s

running (0m18.0s), 8/8 VUs, 1320 complete and 0 interrupted iterations
default   [  30% ] 8 VUs  0m18.0s/1m0s

running (0m19.0s), 8/8 VUs, 1392 complete and 0 interrupted iterations
default   [  32% ] 8 VUs  0m19.0s/1m0s

running (0m20.0s), 8/8 VUs, 1464 complete and 0 interrupted iterations
default   [  33% ] 8 VUs  0m20.0s/1m0s

running (0m21.0s), 8/8 VUs, 1544 complete and 0 interrupted iterations
default   [  35% ] 8 VUs  0m21.0s/1m0s

running (0m22.0s), 8/8 VUs, 1616 complete and 0 interrupted iterations
default   [  37% ] 8 VUs  0m22.0s/1m0s

running (0m23.0s), 8/8 VUs, 1688 complete and 0 interrupted iterations
default   [  38% ] 8 VUs  0m23.0s/1m0s

running (0m24.0s), 8/8 VUs, 1760 complete and 0 interrupted iterations
default   [  40% ] 8 VUs  0m24.0s/1m0s

running (0m25.0s), 8/8 VUs, 1832 complete and 0 interrupted iterations
default   [  42% ] 8 VUs  0m25.0s/1m0s

running (0m26.0s), 8/8 VUs, 1912 complete and 0 interrupted iterations
default   [  43% ] 8 VUs  0m26.0s/1m0s

running (0m27.0s), 8/8 VUs, 1984 complete and 0 interrupted iterations
default   [  45% ] 8 VUs  0m27.0s/1m0s

running (0m28.0s), 8/8 VUs, 2056 complete and 0 interrupted iterations
default   [  47% ] 8 VUs  0m28.0s/1m0s

running (0m29.0s), 8/8 VUs, 2128 complete and 0 interrupted iterations
default   [  48% ] 8 VUs  0m29.0s/1m0s

running (0m30.0s), 8/8 VUs, 2208 complete and 0 interrupted iterations
default   [  50% ] 8 VUs  0m30.0s/1m0s

running (0m31.0s), 8/8 VUs, 2280 complete and 0 interrupted iterations
default   [  52% ] 8 VUs  0m31.0s/1m0s

running (0m32.0s), 8/8 VUs, 2352 complete and 0 interrupted iterations
default   [  53% ] 8 VUs  0m32.0s/1m0s

running (0m33.0s), 8/8 VUs, 2424 complete and 0 interrupted iterations
default   [  55% ] 8 VUs  0m33.0s/1m0s

running (0m34.0s), 8/8 VUs, 2496 complete and 0 interrupted iterations
default   [  57% ] 8 VUs  0m34.0s/1m0s

running (0m35.0s), 8/8 VUs, 2568 complete and 0 interrupted iterations
default   [  58% ] 8 VUs  0m35.0s/1m0s

running (0m36.0s), 8/8 VUs, 2648 complete and 0 interrupted iterations
default   [  60% ] 8 VUs  0m36.0s/1m0s

running (0m37.0s), 8/8 VUs, 2720 complete and 0 interrupted iterations
default   [  62% ] 8 VUs  0m37.0s/1m0s

running (0m38.0s), 8/8 VUs, 2792 complete and 0 interrupted iterations
default   [  63% ] 8 VUs  0m38.0s/1m0s

running (0m39.0s), 8/8 VUs, 2864 complete and 0 interrupted iterations
default   [  65% ] 8 VUs  0m39.0s/1m0s

running (0m40.0s), 8/8 VUs, 2936 complete and 0 interrupted iterations
default   [  67% ] 8 VUs  0m40.0s/1m0s

running (0m41.0s), 8/8 VUs, 3008 complete and 0 interrupted iterations
default   [  68% ] 8 VUs  0m41.0s/1m0s

running (0m42.0s), 8/8 VUs, 3082 complete and 0 interrupted iterations
default   [  70% ] 8 VUs  0m42.0s/1m0s

running (0m43.0s), 8/8 VUs, 3160 complete and 0 interrupted iterations
default   [  72% ] 8 VUs  0m43.0s/1m0s

running (0m44.0s), 8/8 VUs, 3232 complete and 0 interrupted iterations
default   [  73% ] 8 VUs  0m44.0s/1m0s

running (0m45.0s), 8/8 VUs, 3304 complete and 0 interrupted iterations
default   [  75% ] 8 VUs  0m45.0s/1m0s

running (0m46.0s), 8/8 VUs, 3376 complete and 0 interrupted iterations
default   [  77% ] 8 VUs  0m46.0s/1m0s

running (0m47.0s), 8/8 VUs, 3456 complete and 0 interrupted iterations
default   [  78% ] 8 VUs  0m47.0s/1m0s

running (0m48.0s), 8/8 VUs, 3528 complete and 0 interrupted iterations
default   [  80% ] 8 VUs  0m48.0s/1m0s

running (0m49.0s), 8/8 VUs, 3600 complete and 0 interrupted iterations
default   [  82% ] 8 VUs  0m49.0s/1m0s

running (0m50.0s), 8/8 VUs, 3672 complete and 0 interrupted iterations
default   [  83% ] 8 VUs  0m50.0s/1m0s

running (0m51.0s), 8/8 VUs, 3747 complete and 0 interrupted iterations
default   [  85% ] 8 VUs  0m51.0s/1m0s

running (0m52.0s), 8/8 VUs, 3824 complete and 0 interrupted iterations
default   [  87% ] 8 VUs  0m52.0s/1m0s

running (0m53.0s), 8/8 VUs, 3896 complete and 0 interrupted iterations
default   [  88% ] 8 VUs  0m53.0s/1m0s

running (0m54.0s), 8/8 VUs, 3968 complete and 0 interrupted iterations
default   [  90% ] 8 VUs  0m54.0s/1m0s

running (0m55.0s), 8/8 VUs, 4040 complete and 0 interrupted iterations
default   [  92% ] 8 VUs  0m55.0s/1m0s

running (0m56.0s), 8/8 VUs, 4112 complete and 0 interrupted iterations
default   [  93% ] 8 VUs  0m56.0s/1m0s

running (0m57.0s), 8/8 VUs, 4184 complete and 0 interrupted iterations
default   [  95% ] 8 VUs  0m57.0s/1m0s

running (0m58.0s), 8/8 VUs, 4264 complete and 0 interrupted iterations
default   [  97% ] 8 VUs  0m58.0s/1m0s

running (0m59.0s), 8/8 VUs, 4336 complete and 0 interrupted iterations
default   [  98% ] 8 VUs  0m59.0s/1m0s

running (1m00.0s), 8/8 VUs, 4408 complete and 0 interrupted iterations
default   [ 100% ] 8 VUs  1m00.0s/1m0s


  █ TOTAL RESULTS 

    checks_total.......: 8832    147.055569/s
    checks_succeeded...: 100.00% 8832 out of 8832
    checks_failed......: 0.00%   0 out of 8832

    ✓ status is 200
    ✓ rankings array exists

    HTTP
    http_req_duration..............: avg=6.89ms   min=1.94ms   med=6.21ms   max=24.59ms  p(90)=10.93ms  p(95)=12.58ms 
      { expected_response:true }...: avg=6.89ms   min=1.94ms   med=6.21ms   max=24.59ms  p(90)=10.93ms  p(95)=12.58ms 
    http_req_failed................: 0.00%  0 out of 4416
    http_reqs......................: 4416   73.527785/s

    EXECUTION
    iteration_duration.............: avg=108.77ms min=102.35ms med=108.17ms max=125.52ms p(90)=113.14ms p(95)=114.51ms
    iterations.....................: 4416   73.527785/s
    vus............................: 8      min=8         max=8
    vus_max........................: 8      min=8         max=8

    NETWORK
    data_received..................: 46 MB  763 kB/s
    data_sent......................: 375 kB 6.2 kB/s




running (1m00.1s), 0/8 VUs, 4416 complete and 0 interrupted iterations
default ✓ [ 100% ] 8 VUs  1m0s
